print(((-(2 + 4) * 2 - 3 * 4) - (3 - 4 + 7) * 9) - 10 / 2 + 3)
